[Sat Apr 25 23:41:05.521359 2026] [ssl:warn] [pid 1544:tid 444] AH01909: www.example.com:443:0 server certificate does NOT include an ID which matches the server name
[Sat Apr 25 23:41:05.616624 2026] [ssl:warn] [pid 1544:tid 444] AH01909: www.example.com:443:0 server certificate does NOT include an ID which matches the server name
[Sat Apr 25 23:41:05.751115 2026] [mpm_winnt:notice] [pid 1544:tid 444] AH00455: Apache/2.4.58 (Win64) OpenSSL/3.1.3 PHP/8.2.12 configured -- resuming normal operations
[Sat Apr 25 23:41:05.751115 2026] [mpm_winnt:notice] [pid 1544:tid 444] AH00456: Apache Lounge VS17 Server built: Oct 18 2023 13:03:18
[Sat Apr 25 23:41:05.751115 2026] [core:notice] [pid 1544:tid 444] AH00094: Command line: 'c:\\xampp\\apache\\bin\\httpd.exe -d C:/xampp/apache'
[Sat Apr 25 23:41:05.759586 2026] [mpm_winnt:notice] [pid 1544:tid 444] AH00418: Parent: Created child process 2372
[Sat Apr 25 23:41:06.386306 2026] [ssl:warn] [pid 2372:tid 428] AH01909: www.example.com:443:0 server certificate does NOT include an ID which matches the server name
[Sat Apr 25 23:41:06.446086 2026] [ssl:warn] [pid 2372:tid 428] AH01909: www.example.com:443:0 server certificate does NOT include an ID which matches the server name
[Sat Apr 25 23:41:06.511708 2026] [mpm_winnt:notice] [pid 2372:tid 428] AH00354: Child: Starting 150 worker threads.
[Sun Apr 26 13:12:38.790177 2026] [ssl:warn] [pid 11436:tid 444] AH01909: www.example.com:443:0 server certificate does NOT include an ID which matches the server name
[Sun Apr 26 13:12:38.868044 2026] [core:warn] [pid 11436:tid 444] AH00098: pid file C:/xampp/apache/logs/httpd.pid overwritten -- Unclean shutdown of previous Apache run?
[Sun Apr 26 13:12:38.871063 2026] [ssl:warn] [pid 11436:tid 444] AH01909: www.example.com:443:0 server certificate does NOT include an ID which matches the server name
[Sun Apr 26 13:12:38.926102 2026] [mpm_winnt:notice] [pid 11436:tid 444] AH00455: Apache/2.4.58 (Win64) OpenSSL/3.1.3 PHP/8.2.12 configured -- resuming normal operations
[Sun Apr 26 13:12:38.926102 2026] [mpm_winnt:notice] [pid 11436:tid 444] AH00456: Apache Lounge VS17 Server built: Oct 18 2023 13:03:18
[Sun Apr 26 13:12:38.926102 2026] [core:notice] [pid 11436:tid 444] AH00094: Command line: 'c:\\xampp\\apache\\bin\\httpd.exe -d C:/xampp/apache'
[Sun Apr 26 13:12:38.931225 2026] [mpm_winnt:notice] [pid 11436:tid 444] AH00418: Parent: Created child process 5036
[Sun Apr 26 13:12:39.420881 2026] [ssl:warn] [pid 5036:tid 440] AH01909: www.example.com:443:0 server certificate does NOT include an ID which matches the server name
[Sun Apr 26 13:12:39.471892 2026] [ssl:warn] [pid 5036:tid 440] AH01909: www.example.com:443:0 server certificate does NOT include an ID which matches the server name
[Sun Apr 26 13:12:39.520948 2026] [mpm_winnt:notice] [pid 5036:tid 440] AH00354: Child: Starting 150 worker threads.
[Mon Apr 27 09:50:39.950687 2026] [ssl:warn] [pid 9048:tid 460] AH01909: www.example.com:443:0 server certificate does NOT include an ID which matches the server name
[Mon Apr 27 09:50:40.199495 2026] [core:warn] [pid 9048:tid 460] AH00098: pid file C:/xampp/apache/logs/httpd.pid overwritten -- Unclean shutdown of previous Apache run?
[Mon Apr 27 09:50:40.206960 2026] [ssl:warn] [pid 9048:tid 460] AH01909: www.example.com:443:0 server certificate does NOT include an ID which matches the server name
[Mon Apr 27 09:50:40.709712 2026] [mpm_winnt:notice] [pid 9048:tid 460] AH00455: Apache/2.4.58 (Win64) OpenSSL/3.1.3 PHP/8.2.12 configured -- resuming normal operations
[Mon Apr 27 09:50:40.709712 2026] [mpm_winnt:notice] [pid 9048:tid 460] AH00456: Apache Lounge VS17 Server built: Oct 18 2023 13:03:18
[Mon Apr 27 09:50:40.709712 2026] [core:notice] [pid 9048:tid 460] AH00094: Command line: 'c:\\xampp\\apache\\bin\\httpd.exe -d C:/xampp/apache'
[Mon Apr 27 09:50:40.719575 2026] [mpm_winnt:notice] [pid 9048:tid 460] AH00418: Parent: Created child process 6280
[Mon Apr 27 09:50:42.109659 2026] [ssl:warn] [pid 6280:tid 444] AH01909: www.example.com:443:0 server certificate does NOT include an ID which matches the server name
[Mon Apr 27 09:50:42.289651 2026] [ssl:warn] [pid 6280:tid 444] AH01909: www.example.com:443:0 server certificate does NOT include an ID which matches the server name
[Mon Apr 27 09:50:42.539455 2026] [mpm_winnt:notice] [pid 6280:tid 444] AH00354: Child: Starting 150 worker threads.
[Mon Apr 27 11:00:29.845299 2026] [ssl:warn] [pid 15260:tid 444] AH01909: www.example.com:443:0 server certificate does NOT include an ID which matches the server name
[Mon Apr 27 11:00:30.001650 2026] [core:warn] [pid 15260:tid 444] AH00098: pid file C:/xampp/apache/logs/httpd.pid overwritten -- Unclean shutdown of previous Apache run?
[Mon Apr 27 11:00:30.001650 2026] [ssl:warn] [pid 15260:tid 444] AH01909: www.example.com:443:0 server certificate does NOT include an ID which matches the server name
[Mon Apr 27 11:00:31.375374 2026] [mpm_winnt:notice] [pid 15260:tid 444] AH00455: Apache/2.4.58 (Win64) OpenSSL/3.1.3 PHP/8.2.12 configured -- resuming normal operations
[Mon Apr 27 11:00:31.375374 2026] [mpm_winnt:notice] [pid 15260:tid 444] AH00456: Apache Lounge VS17 Server built: Oct 18 2023 13:03:18
[Mon Apr 27 11:00:31.375374 2026] [core:notice] [pid 15260:tid 444] AH00094: Command line: 'c:\\xampp\\apache\\bin\\httpd.exe -d C:/xampp/apache'
[Mon Apr 27 11:00:31.391007 2026] [mpm_winnt:notice] [pid 15260:tid 444] AH00418: Parent: Created child process 7932
[Mon Apr 27 11:00:32.260918 2026] [ssl:warn] [pid 7932:tid 436] AH01909: www.example.com:443:0 server certificate does NOT include an ID which matches the server name
[Mon Apr 27 11:00:32.354658 2026] [ssl:warn] [pid 7932:tid 436] AH01909: www.example.com:443:0 server certificate does NOT include an ID which matches the server name
[Mon Apr 27 11:00:32.417169 2026] [mpm_winnt:notice] [pid 7932:tid 436] AH00354: Child: Starting 150 worker threads.
[Wed Apr 29 09:23:40.139037 2026] [ssl:warn] [pid 9872:tid 428] AH01909: www.example.com:443:0 server certificate does NOT include an ID which matches the server name
[Wed Apr 29 09:23:40.226802 2026] [core:warn] [pid 9872:tid 428] AH00098: pid file C:/xampp/apache/logs/httpd.pid overwritten -- Unclean shutdown of previous Apache run?
[Wed Apr 29 09:23:40.226802 2026] [ssl:warn] [pid 9872:tid 428] AH01909: www.example.com:443:0 server certificate does NOT include an ID which matches the server name
[Wed Apr 29 09:23:41.066201 2026] [mpm_winnt:notice] [pid 9872:tid 428] AH00455: Apache/2.4.58 (Win64) OpenSSL/3.1.3 PHP/8.2.12 configured -- resuming normal operations
[Wed Apr 29 09:23:41.066201 2026] [mpm_winnt:notice] [pid 9872:tid 428] AH00456: Apache Lounge VS17 Server built: Oct 18 2023 13:03:18
[Wed Apr 29 09:23:41.066201 2026] [core:notice] [pid 9872:tid 428] AH00094: Command line: 'c:\\xampp\\apache\\bin\\httpd.exe -d C:/xampp/apache'
[Wed Apr 29 09:23:41.066201 2026] [mpm_winnt:notice] [pid 9872:tid 428] AH00418: Parent: Created child process 2396
[Wed Apr 29 09:23:41.715462 2026] [ssl:warn] [pid 2396:tid 428] AH01909: www.example.com:443:0 server certificate does NOT include an ID which matches the server name
